// Jest Snapshot v1, https://goo.gl/fbAQLP

exports[`should render absolute timeframe 1`] = `
.c1.c1.c1 {
  margin: 0;
  padding: 0;
  font-family: 'Lato',sans-serif;
  font-size: 14px;
  font-weight: 400;
  color: #4F5B5F;
  line-height: 1.2;
}

.c0 {
  display: -webkit-inline-box;
  display: -webkit-inline-flex;
  display: -ms-inline-flexbox;
  display: inline-flex;
}

.c2 {
  margin: 0 5px;
  color: rgba(39,86,109,0.6);
}

<div>
  <div
    class="c0"
  >
    <p
      class="c1"
      color="#4F5B5F"
    >
      2020-09-29 00:00
    </p>
    <span
      class="c2"
    >
      absolute_timeframe.separator
    </span>
    <p
      class="c1"
      color="#4F5B5F"
    >
      2020-09-30 00:00
    </p>
  </div>
</div>
`;
